outcomebound_tools/adapters.py:no-untyped-def:Function is missing a return type annotation
outcomebound_tools/adapters.py:no-untyped-def:Function is missing a type annotation for one or more parameters
outcomebound_tools/artifactcheck.py:no-untyped-def:Function is missing a type annotation for one or more parameters
outcomebound_tools/artifactcheck.py:no-untyped-def:Function is missing a type annotation for one or more parameters
outcomebound_tools/artifactcheck.py:no-untyped-def:Function is missing a type annotation for one or more parameters
outcomebound_tools/discovery.py:assignment:Incompatible types in assignment (expression has type "None", variable has type "Path")
outcomebound_tools/discovery.py:assignment:Incompatible types in assignment (expression has type "list[tuple[str, str]]", variable has type "list[dict[str, str]]")
outcomebound_tools/discovery.py:list-item:List item 0 has incompatible type "str | PathLike[Any]"; expected "str"
outcomebound_tools/discovery.py:no-untyped-def:Function is missing a type annotation for one or more parameters
outcomebound_tools/discovery.py:no-untyped-def:Function is missing a type annotation for one or more parameters
outcomebound_tools/discovery.py:no-untyped-def:Function is missing a type annotation for one or more parameters
outcomebound_tools/discovery.py:no-untyped-def:Function is missing a type annotation for one or more parameters
outcomebound_tools/discovery.py:no-untyped-def:Function is missing a type annotation for one or more parameters
outcomebound_tools/discovery.py:no-untyped-def:Function is missing a type annotation for one or more parameters
outcomebound_tools/discovery.py:no-untyped-def:Function is missing a type annotation for one or more parameters
outcomebound_tools/discovery.py:no-untyped-def:Function is missing a type annotation for one or more parameters
outcomebound_tools/discovery.py:no-untyped-def:Function is missing a type annotation for one or more parameters
outcomebound_tools/discovery.py:no-untyped-def:Function is missing a type annotation for one or more parameters
outcomebound_tools/discovery.py:no-untyped-def:Function is missing a type annotation for one or more parameters
outcomebound_tools/discovery.py:no-untyped-def:Function is missing a type annotation for one or more parameters
outcomebound_tools/discovery.py:var-annotated:Need type annotation for "rows" (hint: "rows: list[<type>] = ...")
outcomebound_tools/discovery.py:var-annotated:Need type annotation for "seen_relevant" (hint: "seen_relevant: set[<type>] = ...")
outcomebound_tools/discovery.py:var-annotated:Need type annotation for "workflow_refs" (hint: "workflow_refs: list[<type>] = ...")
outcomebound_tools/fragments.py:func-returns-value:"add" of "set" does not return a value (it only ever returns None)
outcomebound_tools/fragments.py:no-untyped-def:Function is missing a type annotation for one or more parameters
outcomebound_tools/fragments.py:no-untyped-def:Function is missing a type annotation for one or more parameters
outcomebound_tools/fragments.py:no-untyped-def:Function is missing a type annotation for one or more parameters
outcomebound_tools/fragments.py:no-untyped-def:Function is missing a type annotation for one or more parameters
outcomebound_tools/fragments.py:no-untyped-def:Function is missing a type annotation for one or more parameters
outcomebound_tools/fragments.py:no-untyped-def:Function is missing a type annotation for one or more parameters
outcomebound_tools/fragments.py:no-untyped-def:Function is missing a type annotation for one or more parameters
outcomebound_tools/fragments.py:no-untyped-def:Function is missing a type annotation for one or more parameters
outcomebound_tools/fragments.py:no-untyped-def:Function is missing a type annotation for one or more parameters
outcomebound_tools/mechanisms.py:no-untyped-def:Function is missing a type annotation for one or more parameters
outcomebound_tools/paths.py:no-untyped-def:Function is missing a type annotation for one or more parameters
outcomebound_tools/paths.py:no-untyped-def:Function is missing a type annotation for one or more parameters
outcomebound_tools/paths.py:no-untyped-def:Function is missing a type annotation for one or more parameters
outcomebound_tools/paths.py:no-untyped-def:Function is missing a type annotation for one or more parameters
outcomebound_tools/schemacheck.py:unreachable:Statement is unreachable
tests/test_discovery.py:index:Value of type "object" is not indexable
tests/test_no_third_party_imports.py:arg-type:Argument 1 to "module_from_spec" has incompatible type "ModuleSpec | None"; expected "ModuleSpec"
tests/test_no_third_party_imports.py:union-attr:Item "None" of "Loader | Any | None" has no attribute "exec_module"
tests/test_no_third_party_imports.py:union-attr:Item "None" of "ModuleSpec | None" has no attribute "loader"
tests/test_paths.py:assignment:Incompatible types in assignment (expression has type "int | bytes | Path | None", variable has type "str")
tests/test_schemacheck.py:var-annotated:Need type annotation for "KEYWORD_CASES"
tests/test_skill_frontmatter.py:union-attr:Item "None" of "Match[str] | None" has no attribute "group"
