evals/graders/scope_walk.py:B007:Loop control variable `kind` not used within loop body
evals/graders/scope_walk.py:C416:Unnecessary set comprehension (rewrite using `set()`)
evals/graders/scope_walk.py:C901:`observe` is too complex
evals/graders/scope_walk.py:PLR0912:Too many branches
evals/graders/scope_walk.py:PLR0915:Too many statements
outcomebound_tools/discovery.py:C901:`discover` is too complex
outcomebound_tools/discovery.py:PLR0912:Too many branches
outcomebound_tools/discovery.py:PLR0915:Too many statements
outcomebound_tools/fragments.py:C901:`_frontmatter` is too complex
outcomebound_tools/fragments.py:PERF401:Use `list.extend` to create a transformed list
outcomebound_tools/fragments.py:PERF401:Use a list comprehension to create a transformed list
outcomebound_tools/fragments.py:PLR0912:Too many branches
outcomebound_tools/identity.py:C901:`find_managed_blocks` is too complex
outcomebound_tools/identity.py:PLR0912:Too many branches
outcomebound_tools/schemacheck.py:C901:`validate` is too complex
outcomebound_tools/schemacheck.py:PERF401:Use `list.extend` to create a transformed list
outcomebound_tools/schemacheck.py:PLR0912:Too many branches
outcomebound_tools/schemacheck.py:SIM102:Use a single `if` statement instead of nested `if` statements
outcomebound_tools/schemacheck.py:SIM102:Use a single `if` statement instead of nested `if` statements
outcomebound_tools/validation.py:C901:`parse_plan` is too complex
scripts/check-no-deps.py:PERF401:Use `list.extend` to create a transformed list
tests/test_exec_bits.py:RUF005:Consider iterable unpacking instead of concatenation
tests/test_fragments.py:RUF005:Consider `[*lines[:7], lines[8], lines[7], *lines[9:]]` instead of concatenation
tests/test_fragments.py:RUF043:Pattern passed to `match=` contains metacharacters but is neither escaped nor raw
tests/test_validation.py:E501:Line too long
tests/test_validation.py:E501:Line too long
